// Jest Snapshot v1, https://goo.gl/fbAQLP

exports[`Calculator renders correctly 1`] = `
<div
  class="mt-5"
>
  <div
    class="container mt-5"
  >
    <div
      class="row d-flex justify-content-center"
    >
      <div
        class="col"
      >
        <h2
          class="calculator-text"
        >
          Let's do some math
        </h2>
      </div>
      <div
        class="col"
      >
        <div
          class="wrapper"
        >
          <div
            class="screen"
          >
            0
          </div>
          <div
            class="btn-box"
          >
            <button
              class="btn-number"
              type="button"
            >
              AC
            </button>
            <button
              class="btn-number"
              type="button"
            >
              +/-
            </button>
            <button
              class="btn-number"
              type="button"
            >
              %
            </button>
            <button
              class="btn-number"
              type="button"
            >
              รท
            </button>
            <button
              class="btn-number"
              type="button"
            >
              7
            </button>
            <button
              class="btn-number"
              type="button"
            >
              8
            </button>
            <button
              class="btn-number"
              type="button"
            >
              9
            </button>
            <button
              class="btn-number"
              type="button"
            >
              x
            </button>
            <button
              class="btn-number"
              type="button"
            >
              4
            </button>
            <button
              class="btn-number"
              type="button"
            >
              5
            </button>
            <button
              class="btn-number"
              type="button"
            >
              6
            </button>
            <button
              class="btn-number"
              type="button"
            >
              -
            </button>
            <button
              class="btn-number"
              type="button"
            >
              1
            </button>
            <button
              class="btn-number"
              type="button"
            >
              2
            </button>
            <button
              class="btn-number"
              type="button"
            >
              3
            </button>
            <button
              class="btn-number"
              type="button"
            >
              +
            </button>
            <button
              class="btn-number"
              type="button"
            >
              0
            </button>
            <button
              class="btn-number"
              type="button"
            >
              .
            </button>
            <button
              class="btn-number"
              type="button"
            >
              =
            </button>
          </div>
        </div>
      </div>
    </div>
  </div>
</div>
`;
